bootText = [".\/update_kernel.sh --bone-channel --stable \r\n\r\nU-Boot 2016.03-00002-g30051ac (Jun 06 2016 - 11:28:30 -0500), Build: jenkins-github_Bootloader-Builder-395\r\n\r\n       Watchdog enabled\r\nI2C:   ready\r\nDRAM:  512 MiB\r\nReset Source: Power-on reset has occurred.\r\nMMC:   OMAP SD\/MMC: 0, OMAP SD\/MMC: 1\r\nUsing default environment", "\r\n\r\nNet:   <ethaddr> not set. Validating first E-fuse MAC\r\nCould not get PHY for cpsw: addr 0\r\ncpsw, usb_ether\r\nPress SPACE to abort autoboot in 2 seconds\r\nswitch to partitions #0, OK\r\nmmc0 is current device\r\nScanning mmc 0:1...\r\ngpio: pin 56 (gpio 56) value is 0\r\ngpio: pin 55 (gpio 55) value is 0\r\ngpio: pin 54 (gpio 54) value is 0\r\ngpio: pin 53 (gpio 53) value is 1\r\nswitch to partitions #0, OK\r\nmmc0 is current device\r\ngpio: pin 54 (gpio 54) value is 1\r\nChecking for: \/uEnv.txt ...\r\n1179 bytes read in 12 ms (95.7 KiB\/s)\r\ngpio: pin 55 (gpio 55) value is 1\r\nLoaded environment from uEnv.txt\r\nImporting environment from mmc ...\r\n", "Checking if uenvcmd is set ...\r\ngpio: pin 56 (gpio 56) value is 1\r\nRunning uenvcmd ...\r\n1198 bytes read in 76 ms (14.6 KiB\/s)\r\ndebug: [\/boot\/vmlinuz-3.8.13-bone82] ...\r\n5620304 bytes read in 394 ms (13.6 MiB\/s)\r\ndebug: [\/boot\/initrd.img-3.8.13-bone82] ...\r\n3952866 bytes read in 306 ms (12.3 MiB\/s)\r\ndebug: [\/boot\/dtbs\/3.8.13-bone82\/am335x-bonegreen-wireless.dtb] ...\r\n26118 bytes read in 102 ms (250 KiB\/s)\r\ndebug: [console=tty0 console=ttyO0,115200n8 root=\/dev\/mmcblk0p1 rootfstype=ext4 rootwait coherent_pool=1M q.\r\ndebug: [bootz 0x82000000 0x88080000:3c50e2 0x88000000] ...\r\nKernel image @ 0x82000000 [ 0x000000 - 0x55c250 ]\r\n## Flattened Device Tree blob at 88000000\r\n   Booting using the fdt blob at 0x88000000\r\n   Using Device Tree in place at 88000000, end 88009605\r\n\r\n", "Starting kernel ...\r\n\r\nUncompressing Linux... done, booting the kernel.\r\n[    0.453932] omap2_mbox_probe: platform not supported\r\n[    0.612673] tps65217-bl tps65217-bl: no platform data provided\r\n[    0.672639] bone-capemgr bone_capemgr.9: slot #0: No cape found\r\n[    0.709747] bone-capemgr bone_capemgr.9: slot #1: No cape found\r\n[    0.746855] bone-capemgr bone_capemgr.9: slot #2: No cape found\r\n[    0.783963] bone-capemgr bone_capemgr.9: slot #3: No cape found\r\n[    0.802450] omap_hsmmc mmc.5: of_parse_phandle_with_args of \'reset\' failed\r\n[    0.864313] pinctrl-single 44e10800.pinmux: pin 44e10854 already requested by 44e10800.pinmux; cannot cl8\r\n[    0.876007] pinctrl-single 44e10800.pinmux: pin-21 (gpio-leds.8) status -22\r\n[    0.883301] pinctrl-single 44e10800.pinmux: could not request pin 21 on device pinctrl-single\r\n[    0.954511] Unhandled fault: external abort on non-linefetch (0x1008) at 0xe0858000\r\n[    0.962531] Internal error: : 1008 [#1] SMP THUMB2\r\n[    0.967535] Modules linked in:\r\n[    0.970731] CPU: 0    Not tainted  (3.8.13-bone82 #1)\r\n[    0.976023] PC is at cpsw_probe+0x37c\/0x9e0\r\n[    0.980401] LR is at ioremap_page_range+0x9b\/0xfc\r\n[    0.985315] pc : [<c031dc28>]    lr : [<c024a063>]    psr: a0000133\r\n[    0.985315] sp : df071e10  ip : e0a58000  fp : df071e48\r\n[    0.997305] r10: 00000002  r9 : e0858000  r8 : 00000000\r\n[    1.002761] r7 : de5f3ca0  r6 : df0d5400  r5 : de5f763c  r4 : de5f7000\r\n[    1.009578] r3 : 00000000  r2 : 00000000  r1 : 4a100e13  r0 : e0858000\r\n[    1.016397] Flags: NzCv  IRQs on  FIQs on  Mode SVC_32  ISA Thumb  Segment kernel\r\n", "[    1.024213] Control: 50c5387d  Table: 80004019  DAC: 00000015\r\n", "[    1.030213] Process swapper\/0 (pid: 1, stack limit = 0xdf070240)\r\n[    1.036487] Stack: (0xdf071e10 to 0xdf072000)\r\n[    1.041038] 1e00:                                     00000000 c04d5e09 df06f640 df0d5410\r\n[    1.049600] 1e20: 00000000 de5f7540 de5f7298 c08eabac 22222222 00000020 00000000 c08cbb38\r\n[    1.058150] 1e40: de5f8648 de5f85c8 00000008 c0108397 00000000 de5f85c8 df071e78 df0d9c48\r\n[    1.066699] 1e60: 00000001 c0108a6d df0494b8 c004bab7 00000000 df0d5444 df0d9c48 00000000\r\n[    1.075249] 1e80: df0d5410 df0d5410 00000000 c097bdec df0d5410 df0d5444 c08eabc0 c08eabc0\r\n[    1.083800] 1ea0: 00000102 c086b328 c085ff49 c02bf789 df0d5410 c08eabc0 df0d5444 c08eabc0\r\n[    1.092350] 1ec0: c02bf8d9 c02bf923 c08eabc0 00000000 00000001 c02be677 df049478 df0c6180\r\n[    1.100899] 1ee0: c08eabc0 de5f67c0 c08e01b8 00000000 c090c980 c02bf1a7 c0789c74 c08eabc0\r\n[    1.109451] 1f00: df070010 c08eabc0 df070010 c086b324 c090c980 c02bfd0d c090c980 df070010\r\n[    1.118001] 1f20: c086b324 c090c980 c090c980 c0008757 00000000 c0046175 c0809a80 00000000\r\n[    1.126551] 1f40: 00000007 c0d94b3d 00000000 c087e730 00000007 c086b324 c090c980 c090c980\r\n[    1.135100] 1f60: 00000102 c086b328 00000000 c0842755 00000007 00000007 c08421f9 c004f439\r\n[    1.143650] 1f80: 00000000 c04cf215 00000000 00000000 00000000 00000000 00000000 c04cf21b\r\n[    1.152200] 1fa0: 00000000 00000000 c04cf215 c000c879 00000000 00000000 00000000 00000000\r\n[    1.160749] 1fc0: 00000000 00000000 00000000 00000000 00000000 00000000 00000000 00000000\r\n[    1.169299] 1fe0: 00000000 00000000 00000000 00000000 00000013 00000000 00000000 00000000\r\n[    1.177870] [<c031dc28>] (cpsw_probe+0x37c\/0x9e0) from [<c02bf789>] (driver_probe_device+0x55\/0x180)\r\n[    1.187423] [<c02bf789>] (driver_probe_device+0x55\/0x180) from [<c02bf923>] (__driver_attach+0x4b\/0x4c)\r\n[    1.197248] [<c02bf923>] (__driver_attach+0x4b\/0x4c) from [<c02be677>] (bus_for_each_dev+0x3b\/0x5c)\r\n[    1.206708] [<c02be677>] (bus_for_each_dev+0x3b\/0x5c) from [<c02bf1a7>] (bus_add_driver+0x77\/0x184)\r\n[    1.216168] [<c02bf1a7>] (bus_add_driver+0x77\/0x184) from [<c02bfd0d>] (driver_register+0x3d\/0xc8)\r\n[    1.225539] [<c02bfd0d>] (driver_register+0x3d\/0xc8) from [<c0008757>] (do_one_initcall+0xcb\/0x10c)\r\n[    1.235009] [<c0008757>] (do_one_initcall+0xcb\/0x10c) from [<c0842755>] (kernel_init_freeable+0x10d\/0x18)\r\n[    1.245109] [<c0842755>] (kernel_init_freeable+0x10d\/0x180) from [<c04cf21b>] (kernel_init+0x7\/0x10c)\r\n[    1.254756] [<c04cf21b>] (kernel_init+0x7\/0x10c) from [<c000c879>] (ret_from_fork+0x11\/0x38)\r\n[    1.263580] Code: f000 8193 f8c4 05c0 (6803) f44f \r\n", "[    1.268593] ---[ end trace 6bd087f1de2b5f18 ]---\r\n[    1.273583] usb usb1: usb wakeup-resume\r\n[    1.277665] Kernel panic - not syncing: Attempted to kill init! exitcode=0x0000000b\r\n[    1.277665]", "INITIALISING SYSTEM..."]
